// Jest Snapshot v1, https://goo.gl/fbAQLP

exports[`matches snapshot 1`] = `
<div
  className="title"
>
  <h1>
    ESL Dictionary
  </h1>
</div>
`;
